[test:android] $ flock .gradle.lock ./gradlew test
[lint:android] $ flock .gradle.lock ./gradlew lint
[lint:shell] $ shellcheck make_release
[lint:shell] Finished in 211.7ms
[test:android] > Task :app:generateSqlc SKIPPED
[test:android] > Task :app:preBuild UP-TO-DATE
[test:android] > Task :app:preDebugBuild UP-TO-DATE
[test:android] > Task :app:dataBindingMergeDependencyArtifactsDebug UP-TO-DATE
[test:android] > Task :app:generateDebugResValues UP-TO-DATE
[test:android] > Task :app:generateDebugResources UP-TO-DATE
[test:android] > Task :app:mergeDebugResources UP-TO-DATE
[test:android] > Task :app:packageDebugResources UP-TO-DATE
[test:android] > Task :app:processDebugNavigationResources UP-TO-DATE
[test:android] > Task :app:parseDebugLocalResources UP-TO-DATE
[test:android] > Task :app:dataBindingGenBaseClassesDebug UP-TO-DATE
[test:android] > Task :app:javaPreCompileDebug UP-TO-DATE
[test:android] > Task :app:checkDebugAarMetadata UP-TO-DATE
[test:android] > Task :app:compileDebugNavigationResources UP-TO-DATE
[test:android] > Task :app:mapDebugSourceSetPaths UP-TO-DATE
[test:android] > Task :app:createDebugCompatibleScreenManifests UP-TO-DATE
[test:android] > Task :app:extractDeepLinksDebug UP-TO-DATE
[test:android] > Task :app:processDebugMainManifest UP-TO-DATE
[test:android] > Task :app:processDebugManifest UP-TO-DATE
[test:android] > Task :app:processDebugManifestForPackage UP-TO-DATE
[test:android] > Task :app:processDebugResources UP-TO-DATE
[test:android] > Task :app:compileDebugJavaWithJavac UP-TO-DATE
[test:android] > Task :app:bundleDebugClassesToRuntimeJar UP-TO-DATE
[test:android] > Task :app:bundleDebugClassesToCompileJar UP-TO-DATE
[test:android] > Task :app:preDebugUnitTestBuild UP-TO-DATE
[test:android] > Task :app:javaPreCompileDebugUnitTest UP-TO-DATE
[test:android] > Task :app:compileDebugUnitTestJavaWithJavac UP-TO-DATE
[test:android] > Task :app:processDebugJavaRes UP-TO-DATE
[test:android] > Task :app:processDebugUnitTestJavaRes NO-SOURCE
[test:android] > Task :app:testDebugUnitTest UP-TO-DATE
[test:android] > Task :app:preReleaseBuild UP-TO-DATE
[test:android] > Task :app:dataBindingMergeDependencyArtifactsRelease UP-TO-DATE
[test:android] > Task :app:generateReleaseResValues UP-TO-DATE
[test:android] > Task :app:generateReleaseResources UP-TO-DATE
[test:android] > Task :app:mergeReleaseResources UP-TO-DATE
[test:android] > Task :app:packageReleaseResources UP-TO-DATE
[test:android] > Task :app:processReleaseNavigationResources UP-TO-DATE
[test:android] > Task :app:parseReleaseLocalResources UP-TO-DATE
[test:android] > Task :app:dataBindingGenBaseClassesRelease UP-TO-DATE
[test:android] > Task :app:javaPreCompileRelease UP-TO-DATE
[test:android] > Task :app:checkReleaseAarMetadata UP-TO-DATE
[test:android] > Task :app:compileReleaseNavigationResources UP-TO-DATE
[test:android] > Task :app:mapReleaseSourceSetPaths UP-TO-DATE
[test:android] > Task :app:createReleaseCompatibleScreenManifests UP-TO-DATE
[test:android] > Task :app:extractDeepLinksRelease UP-TO-DATE
[test:android] > Task :app:processReleaseMainManifest UP-TO-DATE
[test:android] > Task :app:processReleaseManifest UP-TO-DATE
[test:android] > Task :app:processReleaseManifestForPackage UP-TO-DATE
[test:android] > Task :app:processReleaseResources UP-TO-DATE
[test:android] > Task :app:compileReleaseJavaWithJavac UP-TO-DATE
[test:android] > Task :app:bundleReleaseClassesToRuntimeJar UP-TO-DATE
[test:android] > Task :app:bundleReleaseClassesToCompileJar UP-TO-DATE
[test:android] > Task :app:preReleaseUnitTestBuild UP-TO-DATE
[test:android] > Task :app:javaPreCompileReleaseUnitTest UP-TO-DATE
[test:android] > Task :app:compileReleaseUnitTestJavaWithJavac UP-TO-DATE
[test:android] > Task :app:processReleaseJavaRes UP-TO-DATE
[test:android] > Task :app:processReleaseUnitTestJavaRes NO-SOURCE
[test:android] > Task :app:testReleaseUnitTest UP-TO-DATE
[test:android] > Task :app:test UP-TO-DATE
[test:android]
[test:android] [Incubating] Problems report is available at: file:///app/build/reports/problems/problems-report.html
[test:android]
[test:android] Deprecated Gradle features were used in this build, making it incompatible with Gradle 10.
[test:android]
[test:android] You can use '--warning-mode all' to show the individual deprecation warnings and determine if they come from your own scripts or plugins.
[test:android]
[test:android] For more on this, please refer to https://docs.gradle.org/9.2.1/userguide/command_line_interface.html#sec:command_line_warnings in the Gradle documentation.
[test:android]
[test:android] BUILD SUCCESSFUL in 12s
[test:android] 50 actionable tasks: 50 up-to-date
[test:android] Consider enabling configuration cache to speed up this build: https://docs.gradle.org/9.2.1/userguide/configuration_cache_enabling.html
[test:android] Finished in 12.83s
[lint:android] > Task :app:generateSqlc SKIPPED
[lint:android] > Task :app:preBuild UP-TO-DATE
[lint:android] > Task :app:preDebugBuild UP-TO-DATE
[lint:android] > Task :app:dataBindingMergeDependencyArtifactsDebug UP-TO-DATE
[lint:android] > Task :app:generateDebugResValues UP-TO-DATE
[lint:android] > Task :app:generateDebugResources UP-TO-DATE
[lint:android] > Task :app:mergeDebugResources UP-TO-DATE
[lint:android] > Task :app:packageDebugResources UP-TO-DATE
[lint:android] > Task :app:processDebugNavigationResources UP-TO-DATE
[lint:android] > Task :app:parseDebugLocalResources UP-TO-DATE
[lint:android] > Task :app:dataBindingGenBaseClassesDebug UP-TO-DATE
[lint:android] > Task :app:javaPreCompileDebug UP-TO-DATE
[lint:android] > Task :app:checkDebugAarMetadata UP-TO-DATE
[lint:android] > Task :app:compileDebugNavigationResources UP-TO-DATE
[lint:android] > Task :app:mapDebugSourceSetPaths UP-TO-DATE
[lint:android] > Task :app:createDebugCompatibleScreenManifests UP-TO-DATE
[lint:android] > Task :app:extractDeepLinksDebug UP-TO-DATE
[lint:android] > Task :app:processDebugMainManifest UP-TO-DATE
[lint:android] > Task :app:processDebugManifest UP-TO-DATE
[lint:android] > Task :app:processDebugManifestForPackage UP-TO-DATE
[lint:android] > Task :app:processDebugResources UP-TO-DATE
[lint:android] > Task :app:compileDebugJavaWithJavac UP-TO-DATE
[lint:android] > Task :app:bundleDebugClassesToCompileJar UP-TO-DATE
[lint:android] > Task :app:preDebugAndroidTestBuild SKIPPED
[lint:android] > Task :app:generateDebugAndroidTestResValues UP-TO-DATE
[lint:android] > Task :app:generateDebugAndroidTestLintModel UP-TO-DATE
[lint:android] > Task :app:extractProguardFiles UP-TO-DATE
[lint:android] > Task :app:generateDebugLintReportModel UP-TO-DATE
[lint:android] > Task :app:preDebugUnitTestBuild UP-TO-DATE
[lint:android] > Task :app:generateDebugUnitTestLintModel UP-TO-DATE
[lint:android] > Task :app:lintAnalyzeDebug UP-TO-DATE
[lint:android] > Task :app:lintAnalyzeDebugAndroidTest UP-TO-DATE
[lint:android] > Task :app:lintAnalyzeDebugUnitTest UP-TO-DATE
[lint:android] > Task :app:lintReportDebug UP-TO-DATE
[lint:android] > Task :app:lintDebug
[lint:android] > Task :app:lint
[lint:android]
[lint:android] [Incubating] Problems report is available at: file:///app/build/reports/problems/problems-report.html
[lint:android]
[lint:android] Deprecated Gradle features were used in this build, making it incompatible with Gradle 10.
[lint:android]
[lint:android] You can use '--warning-mode all' to show the individual deprecation warnings and determine if they come from your own scripts or plugins.
[lint:android]
[lint:android] For more on this, please refer to https://docs.gradle.org/9.2.1/userguide/command_line_interface.html#sec:command_line_warnings in the Gradle documentation.
[lint:android]
[lint:android] BUILD SUCCESSFUL in 5s
[lint:android] 30 actionable tasks: 1 executed, 29 up-to-date
[lint:android] Consider enabling configuration cache to speed up this build: https://docs.gradle.org/9.2.1/userguide/configuration_cache_enabling.html
[lint:android] Finished in 18.57s
[ci] $ flock .gradle.lock ./gradlew assembleDebug
[ci] > Task :app:generateSqlc SKIPPED
[ci] > Task :app:preBuild UP-TO-DATE
[ci] > Task :app:preDebugBuild UP-TO-DATE
[ci] > Task :app:mergeDebugNativeDebugMetadata NO-SOURCE
[ci] > Task :app:dataBindingMergeDependencyArtifactsDebug UP-TO-DATE
[ci] > Task :app:generateDebugResValues UP-TO-DATE
[ci] > Task :app:generateDebugResources UP-TO-DATE
[ci] > Task :app:mergeDebugResources UP-TO-DATE
[ci] > Task :app:packageDebugResources UP-TO-DATE
[ci] > Task :app:processDebugNavigationResources UP-TO-DATE
[ci] > Task :app:parseDebugLocalResources UP-TO-DATE
[ci] > Task :app:dataBindingGenBaseClassesDebug UP-TO-DATE
[ci] > Task :app:javaPreCompileDebug UP-TO-DATE
[ci] > Task :app:checkDebugAarMetadata UP-TO-DATE
[ci] > Task :app:compileDebugNavigationResources UP-TO-DATE
[ci] > Task :app:mapDebugSourceSetPaths UP-TO-DATE
[ci] > Task :app:createDebugCompatibleScreenManifests UP-TO-DATE
[ci] > Task :app:extractDeepLinksDebug UP-TO-DATE
[ci] > Task :app:processDebugMainManifest UP-TO-DATE
[ci] > Task :app:processDebugManifest UP-TO-DATE
[ci] > Task :app:processDebugManifestForPackage UP-TO-DATE
[ci] > Task :app:processDebugResources UP-TO-DATE
[ci] > Task :app:compileDebugJavaWithJavac UP-TO-DATE
[ci] > Task :app:mergeDebugShaders UP-TO-DATE
[ci] > Task :app:compileDebugShaders NO-SOURCE
[ci] > Task :app:generateDebugAssets UP-TO-DATE
[ci] > Task :app:mergeDebugAssets UP-TO-DATE
[ci] > Task :app:compressDebugAssets UP-TO-DATE
[ci] > Task :app:l8DexDesugarLibDebug UP-TO-DATE
[ci] > Task :app:desugarDebugFileDependencies UP-TO-DATE
[ci] > Task :app:dexBuilderDebug UP-TO-DATE
[ci] > Task :app:mergeDebugGlobalSynthetics UP-TO-DATE
[ci] > Task :app:processDebugJavaRes UP-TO-DATE
[ci] > Task :app:mergeDebugJavaResource UP-TO-DATE
[ci] > Task :app:checkDebugDuplicateClasses UP-TO-DATE
[ci] > Task :app:mergeExtDexDebug UP-TO-DATE
[ci] > Task :app:mergeLibDexDebug UP-TO-DATE
[ci] > Task :app:mergeProjectDexDebug UP-TO-DATE
[ci] > Task :app:mergeDebugJniLibFolders UP-TO-DATE
[ci] > Task :app:mergeDebugNativeLibs UP-TO-DATE
[ci] > Task :app:stripDebugDebugSymbols UP-TO-DATE
[ci] > Task :app:validateSigningDebug UP-TO-DATE
[ci] > Task :app:writeDebugAppMetadata UP-TO-DATE
[ci] > Task :app:writeDebugSigningConfigVersions UP-TO-DATE
[ci] > Task :app:packageDebug UP-TO-DATE
[ci] > Task :app:createDebugApkListingFileRedirect UP-TO-DATE
[ci] > Task :app:assembleDebug UP-TO-DATE
[ci]
[ci] [Incubating] Problems report is available at: file:///app/build/reports/problems/problems-report.html
[ci]
[ci] Deprecated Gradle features were used in this build, making it incompatible with Gradle 10.
[ci]
[ci] You can use '--warning-mode all' to show the individual deprecation warnings and determine if they come from your own scripts or plugins.
[ci]
[ci] For more on this, please refer to https://docs.gradle.org/9.2.1/userguide/command_line_interface.html#sec:command_line_warnings in the Gradle documentation.
[ci]
[ci] BUILD SUCCESSFUL in 3s
[ci] 40 actionable tasks: 40 up-to-date
[ci] Consider enabling configuration cache to speed up this build: https://docs.gradle.org/9.2.1/userguide/configuration_cache_enabling.html
[ci] Finished in 3.51s
Finished in 22.09s
